// Jest Snapshot v1, https://goo.gl/fbAQLP

exports[`should render title component like snapshot 1`] = `
<span
  className="ant-typography sc-bdvvaa goBTMR"
  data-testid="title"
  style={
    Object {
      "WebkitLineClamp": undefined,
    }
  }
>
  
</span>
`;
